emoji1: False
emoji2: False
emoji3: False
